../Drivers/CMSIS/Include/core_cm7.h:2229:22:SCB_EnableICache	1
../Drivers/CMSIS/Include/core_cm7.h:2281:22:SCB_EnableDCache	3
../Core/Src/main.c:123:10:RGB565	1
../Core/Src/main.c:132:5:main	1
../Core/Src/main.c:194:6:SystemClock_Config	4
../Core/Src/main.c:248:6:FlappyBird_Init	1
../Core/Src/main.c:298:6:FlappyBird_Update	9
../Core/Src/main.c:347:6:FlappyBird_HandleInput	8
../Core/Src/main.c:378:6:FlappyBird_Draw	5
../Core/Src/main.c:407:6:DrawBackground	3
../Core/Src/main.c:432:6:DrawBird	1
../Core/Src/main.c:441:6:DrawPipes	14
../Core/Src/main.c:502:6:DrawGround	1
../Core/Src/main.c:507:6:DrawScore	1
../Core/Src/main.c:519:6:DrawMenu	1
../Core/Src/main.c:529:6:DrawGameOver	1
../Core/Src/main.c:539:6:ResetPipeDrawState	1
../Core/Src/main.c:546:6:ResetGame	2
../Core/Src/main.c:576:6:UpdatePipes	3
../Core/Src/main.c:591:9:CheckCollision	8
../Core/Src/main.c:618:6:Error_Handler	1
