../Drivers/CMSIS/Include/core_cm7.h:2229:22:SCB_EnableICache	4	static,ignoring_inline_asm
../Drivers/CMSIS/Include/core_cm7.h:2281:22:SCB_EnableDCache	24	static,ignoring_inline_asm
../Core/Src/main.c:123:10:RGB565	16	static
../Core/Src/main.c:132:5:main	8	static
../Core/Src/main.c:194:6:SystemClock_Config	88	static
../Core/Src/main.c:248:6:FlappyBird_Init	8	static
../Core/Src/main.c:298:6:FlappyBird_Update	16	static
../Core/Src/main.c:347:6:FlappyBird_HandleInput	16	static
../Core/Src/main.c:378:6:FlappyBird_Draw	8	static
../Core/Src/main.c:407:6:DrawBackground	32	static
../Core/Src/main.c:432:6:DrawBird	16	static
../Core/Src/main.c:441:6:DrawPipes	32	static
../Core/Src/main.c:502:6:DrawGround	16	static
../Core/Src/main.c:507:6:DrawScore	32	static
../Core/Src/main.c:519:6:DrawMenu	16	static
../Core/Src/main.c:529:6:DrawGameOver	40	static
../Core/Src/main.c:539:6:ResetPipeDrawState	4	static
../Core/Src/main.c:546:6:ResetGame	16	static
../Core/Src/main.c:576:6:UpdatePipes	16	static
../Core/Src/main.c:591:9:CheckCollision	24	static
../Core/Src/main.c:618:6:Error_Handler	4	static,ignoring_inline_asm
